lozan          Lozan Baris Antlasmasi               CANLI       lozan-antlasmasi=200/19305 · lozan-konferansi=302/0 · lozan=302/0
mudanya        Mudanya Mutarekesi                   CANLI       mudanya-mutarekesi=200/14602 · mudanya=302/0
mondros        Mondros Mutarekesi                   CANLI       mondros-mutarekesi=200/14207 · mondros=302/0
sevr           Sevr Antlasmasi                      CANLI       sevr-antlasmasi=200/28216 · sevr=302/0
ankara-1921    Ankara Itilafnamesi (Fr.)            OLU         ankara-itilafnamesi=302/0 · ankara-antlasmasi=302/0 · franklin-bouillon=302/0
kars           Kars Antlasmasi                      OLU         kars-antlasmasi=302/0
moskova-1921   Moskova Antlasmasi                   OLU         moskova-antlasmasi=302/0
gumru          Gumru Antlasmasi                     OLU         gumru-antlasmasi=302/0 · gumru=302/0
brest          Brest-Litovsk Antlasmasi             OLU         brest-litovsk-antlasmasi=302/0 · brestlitovsk-antlasmasi=302/0
versay         Versay Antlasmasi                    OLU         versay-antlasmasi=302/0 · versailles=302/0
saint-germain  Saint-Germain Antlasmasi             OLU         saint-germain-antlasmasi=302/0 · sen-jermen-antlasmasi=302/0
neuilly        Noyyi (Neuilly) Antlasmasi           OLU         noyyi-antlasmasi=302/0 · neuilly-antlasmasi=302/0 · noyyi=302/0
trianon        Trianon Antlasmasi                   OLU         trianon-antlasmasi=302/0 · trianon=302/0
rapallo        Rapallo Antlasmasi                   OLU         rapallo-antlasmasi=302/0 · rapallo=302/0
riga           Riga Antlasmasi                      OLU         riga-antlasmasi=302/0
sykes-picot    Sykes-Picot Anlasmasi                CANLI       sykes-picot-antlasmasi=200/17708 · sykes-picot=302/0 · sykespicot=302/0
san-remo       San Remo Konferansi                  OLU         san-remo-konferansi=302/0 · san-remo=302/0
ankara-1926    Ankara Antlasmasi (Musul)            OLU         ankara-antlasmasi--1926=302/0 · musul=302/0
ukayr          Ukayr Protokolu                      OLU         ukayr=302/0 · ukayr-protokolu=302/0 · akir=302/0
muhammara      Muhammere Antlasmasi                 OLU         muhammere=302/0 · muhammara=302/0
cidde          Cidde Antlasmasi                     CANLI       cidde-antlasmasi=302/0 · cidde=200/14821
taif           Taif Antlasmasi                      CANLI       taif-antlasmasi=302/0 · taif=200/32202
usi            Usi (Ouchy) Antlasmasi               OLU         usi-antlasmasi=302/0 · ouchy=302/0
londra-1913    Londra Antlasmasi                    OLCULEMEDI  londra-antlasmasi=200/2708
bukres-1913    Bukres Antlasmasi                    OLU         bukres-antlasmasi=302/0
istanbul-1913  Istanbul Antlasmasi (Bulgaristan)    OLU         istanbul-antlasmasi=302/0
atina-1913     Atina Antlasmasi                     OLU         atina-antlasmasi=302/0
berlin-1878    Berlin Antlasmasi                    CANLI       berlin-antlasmasi=200/10153
ayastefanos    Ayastefanos Antlasmasi               CANLI       ayastefanos-antlasmasi=200/11012 · ayastefanos=302/0
paris-1919     Paris Baris Konferansi               OLU         paris-baris-konferansi=302/0 · paris-konferansi=302/0
misak          Misak-i Milli                        CANLI       misak-i-milli=200/14820 · misakimilli=302/0

========================================================================
KUNYE 31   ·   🟢 canli 10   ·   🔴 olu 20   ·   ⚪ olculemedi 1
⚠️ 'canli' = ADRES var demek.  DOGRU MADDE oldugu OLCULMEDI (§4②).
YAZILDI: C:\Users\emrem\OneDrive\Desktop\TARİH COĞRAFYA SİTESİ\denetim\OLCUM-ANTLASMA-SLUG-0907.json
