ankara-1921    kapi:suriye/canl,hatay/olcu,misak-i-milli/canl,lozan-antlasmasi/canl  cumle:5  aday-slug:0
kars           kapi:kars/canl,ardahan/canl,ermenistan/olu,gurcistan/canl  cumle:1  aday-slug:0
moskova-1921   kapi:batum/canl,nahcivan/canl,azerbaycan/canl  cumle:2  aday-slug:0
gumru          kapi:ermenistan/olu,gumru--sehir/olu  cumle:0  aday-slug:0
ankara-1926    kapi:musul--irak/canl,kerkuk/canl,irak--ulke/canl,musul-meselesi/olu  cumle:23  aday-slug:0
ukayr          kapi:necid/canl,kuveyt/canl,abdulaziz-b-abdurrahman/olu  cumle:0  aday-slug:0
muhammara      kapi:kuveyt/canl,irak--ulke/canl,necid/canl  cumle:0  aday-slug:0
usi            kapi:trablusgarp/canl,libya/canl  cumle:6  aday-slug:0
londra-1913    kapi:balkan-savasi/canl,balkan-harbi/olu  cumle:7  aday-slug:0
bukres-1913    kapi:balkan-savasi/canl,romanya/canl  cumle:17  aday-slug:0
istanbul-1913  kapi:balkan-savasi/canl,bulgaristan/canl  cumle:4  aday-slug:0
atina-1913     kapi:balkan-savasi/canl,yunanistan/canl  cumle:1  aday-slug:0
versay         kapi:birinci-dunya-savasi/canl,almanya/canl  cumle:1  aday-slug:0
trianon        kapi:macaristan/canl  cumle:2  aday-slug:0
saint-germain  kapi:avusturya/canl  cumle:4  aday-slug:0
neuilly        kapi:bulgaristan/canl  cumle:1  aday-slug:0
san-remo       kapi:manda/olu,filistin/canl,suriye/canl  cumle:2  aday-slug:0
brest          kapi:rusya/canl,birinci-dunya-savasi/canl  cumle:4  aday-slug:0
riga           kapi:polonya/canl,lehistan/olcu  cumle:0  aday-slug:0
rapallo        kapi:italya/canl,yugoslavya/canl  cumle:0  aday-slug:0
paris-1919     kapi:birinci-dunya-savasi/canl  cumle:2  aday-slug:0
sevr-EK        kapi:sevr-antlasmasi/canl  cumle:14  aday-slug:0
lozan-EK       kapi:lozan-antlasmasi/canl  cumle:18  aday-slug:0

YAZILDI: C:\Users\emrem\OneDrive\Desktop\TARİH COĞRAFYA SİTESİ\denetim\OLCUM-ANTLASMA-KAPI-0907.json
