öncelik: BELOW_NORMAL
BOLGE [117.0, 37.0, 180.0, 85.0] · iç (120.0, 40.0, 180.0, 85.0) · k25
  eğim DEM: etopo2022_30s_dunya.tif · 43200x17280 · son şeritte 8192 geçerli hücre
[    3.8 sn] Kara maskesi (Natural Earth 10m, tolerans 0.002)
  tamam
[   17.4 sn] Göller
  goller.js: 1 tarihî göl düzeltmesi (Aral Gölü)
  25 büyük göl kara maskesinden çıkarıldı
  1 MODERN BARAJ GÖLÜ çıkarılmadı (anakronik delik açıyordu):
      Zeya Reservoir (1978)
[   19.4 sn] Nehir yatakları
  14 nehir parçası — 13 adlı akarsu: Aldan, Amur, Argun’, Bykovskaya Protoka, Hailar, Heilong Jiang, Huang, Indigirka, Kolyma, Lena, Olenekskaya Protoka, Trofimovskaya Protoka, Tumatskaya Protoka
  bedel sınıfı: sınıf-1 9 parça · sınıf-2 5 parça
  geçit: 63 kayıt · data/gecitler.js sha256 86104fbf32de
[   20.6 sn] Yerleşimler
  UYARI alan: 'dogrulanmadi' BILINEN_ALANLAR'da yok — 1 kayıtta (yerlesimler_ek29.js:Deyrülkamer (Dayr al-Kamer)). Yazım hatası mı, yeni şema alanı mı? girdi.py'ye kaydet.
  3855 yerleşim
[   22.2 sn] Petekler üretiliyor (Voronoi)
  3855 petek (0 yedek eşleşme)
     Voronoi komşuluğu kuruldu · ortalama komşu 0.1
     tavan (km): k0=200 · k1=200 · k2=200 · k3=200 · k4=200
     ALAN KORUYAN anizotropi: 71 peteğe şekil verildi · 3784 daire AYNEN korundu · 0 çözülemedi
     şekil oranı sınırı ×1.75 · 16 sektör · 128 köşe · 24 ikiye bölme adımı
     alan koruma sapması: medyan %0.0000 · azamî %0.0003 ✓
     ⚠️ tavan BURADA UYGULANMAZ — kıyı kesiminde uygulanır (bkz. §KIYI)
[  114.9 sn] Kara-kısıtlı sahiplik: ızgara 0.05° kuruluyor
  ızgara 1260×960 = 1,209,600 hücre, kara 476,615
  82 tohum yerleşti (3 tanesi en yakın kara hücresine kaydırıldı)
  🔒 PENCERE DIŞI, ızgaraya ALINMADI: 3773 tohum (kıstırma YOK — Voronoi kalır)
       Lapaha (Muʻa)                           -175.12, -21.18   kenara 32,854 km olurdu
       Hawaii Adaları (Birleşme Öncesi — moku  -155.50,  19.60   kenara 26,779 km olurdu
       Honolulu                                -157.86,  21.31   kenara 26,778 km olurdu
       Rapa Nui (Paskalya Adası)               -109.35, -27.11   kenara 26,098 km olurdu
       Beyan G52.5 B74.5                        -74.50, -52.50   kenara 23,355 km olurdu
       Beyan G48.5 B75.5                        -75.50, -48.50   kenara 23,349 km olurdu
       Beyan G46.5 B74.5                        -74.50, -46.50   kenara 23,189 km olurdu
       Beyan G49.5 B72.5                        -72.50, -49.50   kenara 23,075 km olurdu
       Fuerte Bulnes                            -70.94, -53.62   kenara 23,029 km olurdu
       Punta Arenas                             -70.92, -53.16   kenara 23,016 km olurdu
       Castro (Chiloé)                          -73.76, -42.48   kenara 22,983 km olurdu
       Porvenir                                 -70.37, -53.30   kenara 22,964 km olurdu
       … ve 3761 tohum daha
[  115.8 sn] Kara-kısıtlı sahiplik: eğim yüzeyi (DEM)
  ⚠️ DEM ızgaradan KISA: üst uç 84.00° < istenen 85.00° — 20 satır (kuzey kuşağı) deniz seviyesiyle dolduruldu. GERİLME YOK (kırpıldı).
  eğim çarpanı 0.005 · kara hücresinde eğim medyanı 47 m/hücre → sürtünme medyanı 1.236
  en pahalı hücre: sürtünme 6.34 (eğim 1,068 m/hücre)
[  118.7 sn] Kara-kısıtlı sahiplik: nehir geçiş bedeli (kenar)
  özne idare · nehir hücresi 3,797 · nehri KESEN adım 58,760 / 307,512 aday
  sınıf-1 28,602 · sınıf-2 30,158 · geçit indirimli 0 (köprü, bedelsiz 0) · geçit kaydı 63
  bedelli adım 58,760 · tablo {'gecitsiz': {1: 16.0, 2: 4.0}, 'kopru': 0.0, 'feribot': 8.0, 'kale-cifti': 8.0, 'sig-gecit': 4.0}
[  141.5 sn] Kara-kısıtlı sahiplik: Dijkstra (kara ızgarası)
[  141.6 sn] Dijkstra (eğim + nehir, üretim)
  58.4 sn · erişilen 473,467 · bütçe içi 223,521
[  200.7 sn] A: Voronoi sahibi + A1 tavanı (ızgarada)
  A sahipli 273,897 kara hücresi
  ızgaranın erişmediği kara hücresi 3,148 (B'de eski kurala kaldı)
ALAN: {'kara_ic_km2': 6483556, 'A_sahipli_km2': 3729089, 'B_sahipli_km2': 3013396, 'sahibi_degisen_km2': 172703, 'yeni_sahipsiz_km2': 1009838, 'yeni_sahipli_km2': 294145, 'A_sahipsiz_km2': 2754467, 'B_sahipsiz_km2': 3470160}
B'de ızgara hücresi olmayan tohum (iç kutu): 0
  kume {'km2': 76477, 'merkez_lat': 55.04, 'merkez_lon': 125.68, 'A_sahipleri': ['Albazin', 'Zeya (Zeyskiy Sklad)'], 'surtunme_medyan': 1.321, 'en_yakin_tohum_km_medyan': 195.8, 'yuruyus_saat_medyan': 53.3, 'sinif': 'NOKTASIZ'}
  kume {'km2': 53536, 'merkez_lat': 48.7, 'merkez_lon': 134.78, 'A_sahipleri': ['Habarovka'], 'surtunme_medyan': 1.301, 'en_yakin_tohum_km_medyan': 177.8, 'yuruyus_saat_medyan': 49.2, 'sinif': 'NOKTASIZ'}
  kume {'km2': 45353, 'merkez_lat': 66.53, 'merkez_lon': 125.3, 'A_sahipleri': ['Jigansk', 'Yakut toprakları (Orta Lena)'], 'surtunme_medyan': 1.183, 'en_yakin_tohum_km_medyan': 157.6, 'yuruyus_saat_medyan': 47.0, 'sinif': 'NOKTASIZ'}
  kume {'km2': 39388, 'merkez_lat': 65.71, 'merkez_lon': 140.9, 'A_sahipleri': ['Podşiversk', 'Zaşiversk'], 'surtunme_medyan': 1.781, 'en_yakin_tohum_km_medyan': 174.1, 'yuruyus_saat_medyan': 53.6, 'sinif': 'DAG'}
  kume {'km2': 37332, 'merkez_lat': 60.52, 'merkez_lon': 128.64, 'A_sahipleri': ['Yakutsk'], 'surtunme_medyan': 1.139, 'en_yakin_tohum_km_medyan': 192.0, 'yuruyus_saat_medyan': 56.3, 'sinif': 'NOKTASIZ'}
  kume {'km2': 36586, 'merkez_lat': 66.59, 'merkez_lon': 164.17, 'A_sahipleri': ['Ostrovnoye (Anyuy panayırı)', 'Nijnekolımsk'], 'surtunme_medyan': 1.387, 'en_yakin_tohum_km_medyan': 198.2, 'yuruyus_saat_medyan': 47.4, 'sinif': 'NOKTASIZ'}
  kume {'km2': 35226, 'merkez_lat': 66.11, 'merkez_lon': 132.8, 'A_sahipleri': ['Verhoyansk'], 'surtunme_medyan': 1.371, 'en_yakin_tohum_km_medyan': 196.7, 'yuruyus_saat_medyan': 48.5, 'sinif': 'NOKTASIZ'}
  kume {'km2': 30765, 'merkez_lat': 56.13, 'merkez_lon': 133.28, 'A_sahipleri': ['Udskoy ostrogu', 'Nelkan'], 'surtunme_medyan': 1.547, 'en_yakin_tohum_km_medyan': 173.3, 'yuruyus_saat_medyan': 47.6, 'sinif': 'DAG'}
  kume {'km2': 28100, 'merkez_lat': 49.44, 'merkez_lon': 124.56, 'A_sahipleri': ['Qiqihar', 'Aigun'], 'surtunme_medyan': 1.16, 'en_yakin_tohum_km_medyan': 199.5, 'yuruyus_saat_medyan': 43.8, 'sinif': 'NOKTASIZ'}
  kume {'km2': 27700, 'merkez_lat': 64.03, 'merkez_lon': 150.33, 'A_sahipleri': ['Verhnekolımsk', 'Kolıma havzası (Yukagir toprakları)'], 'surtunme_medyan': 1.433, 'en_yakin_tohum_km_medyan': 197.9, 'yuruyus_saat_medyan': 47.0, 'sinif': 'NOKTASIZ'}
   {'ad': 'Yakutsk', 'A_km2': 113692, 'B_km2': 61556, 'net_km2': -52135}
   {'ad': 'Habarovka', 'A_km2': 124382, 'B_km2': 73964, 'net_km2': -50418}
   {'ad': 'Albazin', 'A_km2': 102566, 'B_km2': 54017, 'net_km2': -48549}
   {'ad': 'Udskoy ostrogu', 'A_km2': 106343, 'B_km2': 63234, 'net_km2': -43109}
   {'ad': 'Zaşiversk', 'A_km2': 64587, 'B_km2': 28297, 'net_km2': -36290}
   {'ad': 'Jigansk', 'A_km2': 87293, 'B_km2': 56224, 'net_km2': -31069}
   {'ad': 'Bulun', 'A_km2': 87621, 'B_km2': 56695, 'net_km2': -30926}
   {'ad': 'Verhoyansk', 'A_km2': 106820, 'B_km2': 77972, 'net_km2': -28847}
  Osmanlı doğrudan 1520-06-15 {'A_km2': 0, 'B_km2': 0, 'fark_km2': 0, 'fark_yuzde': None}
  Osmanlı doğrudan 1683-06-15 {'A_km2': 0, 'B_km2': 0, 'fark_km2': 0, 'fark_yuzde': None}
  Osmanlı doğrudan 1800-06-15 {'A_km2': 0, 'B_km2': 0, 'fark_km2': 0, 'fark_yuzde': None}
YAZILDI C:\Users\emrem\OneDrive\Desktop\TARİH COĞRAFYA SİTESİ\denetim\ARAC-MOTOR-YURUYUS-ONGORU-0917-16.json · k25 · toplam 203 sn

--- stderr ---
