öncelik: BELOW_NORMAL
BOLGE [-3.0, -60.0, 63.0, -7.0] · iç (0.0, -60.0, 60.0, -10.0) · k03
  eğim DEM: etopo2022_30s_dunya.tif · 43200x17280 · son şeritte 8192 geçerli hücre
[    0.2 sn] Kara maskesi (Natural Earth 10m, tolerans 0.002)
  tamam
[    4.6 sn] Göller
  goller.js: 1 tarihî göl düzeltmesi (Aral Gölü)
  10 büyük göl kara maskesinden çıkarıldı
  4 MODERN BARAJ GÖLÜ çıkarılmadı (anakronik delik açıyordu):
      Bloemhof Dam (1970)
      Gariep Dam (1971)
      Lago de Cahora Bassa (1974)
      Lake Kariba (1959)
[    5.6 sn] Nehir yatakları
  10 nehir parçası — 7 adlı akarsu: Congo, Kasai, Lualaba, Orange, Shire, Vaal, Zambezi
  bedel sınıfı: sınıf-1 7 parça · sınıf-2 3 parça
  geçit: 63 kayıt · data/gecitler.js sha256 86104fbf32de
[    6.2 sn] Yerleşimler
  UYARI alan: 'dogrulanmadi' BILINEN_ALANLAR'da yok — 1 kayıtta (yerlesimler_ek29.js:Deyrülkamer (Dayr al-Kamer)). Yazım hatası mı, yeni şema alanı mı? girdi.py'ye kaydet.
  3855 yerleşim
[    7.1 sn] Petekler üretiliyor (Voronoi)
  3855 petek (0 yedek eşleşme)
     Voronoi komşuluğu kuruldu · ortalama komşu 0.3
     tavan (km): k0=200 · k1=200 · k2=200 · k3=200 · k4=200
     ALAN KORUYAN anizotropi: 75 peteğe şekil verildi · 3780 daire AYNEN korundu · 0 çözülemedi
     şekil oranı sınırı ×1.75 · 16 sektör · 128 köşe · 24 ikiye bölme adımı
     alan koruma sapması: medyan %0.0000 · azamî %0.0001 ✓
     ⚠️ tavan BURADA UYGULANMAZ — kıyı kesiminde uygulanır (bkz. §KIYI)
[   51.9 sn] Kara-kısıtlı sahiplik: ızgara 0.05° kuruluyor
  ızgara 1320×1060 = 1,399,200 hücre, kara 251,101
  188 tohum yerleşti (11 tanesi en yakın kara hücresine kaydırıldı)
  🔒 PENCERE DIŞI, ızgaraya ALINMADI: 3667 tohum (kıstırma YOK — Voronoi kalır)
       Unalaska (Iliuliuk)                     -166.53,  53.87   kenara 18,025 km olurdu
       Kiŋigin (Wales)                         -168.09,  65.61   kenara 17,949 km olurdu
       Lapaha (Muʻa)                           -175.12, -21.18   kenara 17,866 km olurdu
       Hooper Bay (Naparyarmiut)               -166.10,  61.53   kenara 17,851 km olurdu
       Tikiġaq (Point Hope)                    -166.80,  68.35   kenara 17,785 km olurdu
       Nome                                    -165.41,  64.51   kenara 17,736 km olurdu
       Anaktuvuk batısı — Noatak (Nautaaġmiut  -162.97,  67.57   kenara 17,475 km olurdu
       Bethel (Mumtrekhlagamute)               -161.76,  60.79   kenara 17,475 km olurdu
       Mihaylovskiy Redut (St. Michael)        -162.03,  63.49   kenara 17,458 km olurdu
       Qikiqtaġruk (Kotzebue)                  -162.60,  66.90   kenara 17,454 km olurdu
       Honolulu                                -157.86,  21.31   kenara 17,392 km olurdu
       Chignik (Alaska Yarımadası)             -158.40,  56.30   kenara 17,230 km olurdu
       … ve 3655 tohum daha
[   52.4 sn] Kara-kısıtlı sahiplik: eğim yüzeyi (DEM)
  eğim çarpanı 0.005 · kara hücresinde eğim medyanı 28 m/hücre → sürtünme medyanı 1.138
  en pahalı hücre: sürtünme 9.70 (eğim 1,741 m/hücre)
[   54.5 sn] Kara-kısıtlı sahiplik: nehir geçiş bedeli (kenar)
  özne idare · nehir hücresi 1,347 · nehri KESEN adım 20,540 / 113,011 aday
  sınıf-1 13,904 · sınıf-2 6,636 · geçit indirimli 0 (köprü, bedelsiz 0) · geçit kaydı 63
  bedelli adım 20,540 · tablo {'gecitsiz': {1: 16.0, 2: 4.0}, 'kopru': 0.0, 'feribot': 8.0, 'kale-cifti': 8.0, 'sig-gecit': 4.0}
[   56.9 sn] Kara-kısıtlı sahiplik: Dijkstra (kara ızgarası)
[   56.9 sn] Dijkstra (eğim + nehir, üretim)
  12.3 sn · erişilen 250,799 · bütçe içi 232,350
[   69.6 sn] A: Voronoi sahibi + A1 tavanı (ızgarada)
  A sahipli 244,823 kara hücresi
  ızgaranın erişmediği kara hücresi 302 (B'de eski kurala kaldı)
ALAN: {'kara_ic_km2': 6366737, 'A_sahipli_km2': 6199206, 'B_sahipli_km2': 5955555, 'sahibi_degisen_km2': 353483, 'yeni_sahipsiz_km2': 274820, 'yeni_sahipli_km2': 31169, 'A_sahipsiz_km2': 167531, 'B_sahipsiz_km2': 411182}
B'de ızgara hücresi olmayan tohum (iç kutu): 0
  kume {'km2': 39121, 'merkez_lat': -16.34, 'merkez_lon': 28.95, 'A_sahipleri': ['Zumbo', 'Binga', 'Mumbva'], 'surtunme_medyan': 1.273, 'en_yakin_tohum_km_medyan': 170.6, 'yuruyus_saat_medyan': 44.2, 'sinif': 'NOKTASIZ'}
  kume {'km2': 29093, 'merkez_lat': -15.35, 'merkez_lon': 48.44, 'A_sahipleri': ['Maroantsetra', 'Sambava', 'Maevatanana'], 'surtunme_medyan': 1.404, 'en_yakin_tohum_km_medyan': 164.6, 'yuruyus_saat_medyan': 44.2, 'sinif': 'NOKTASIZ'}
  kume {'km2': 20137, 'merkez_lat': -20.72, 'merkez_lon': 14.23, 'A_sahipleri': ['Valvis Körfezi', 'Outjo', 'Otjimbingve'], 'surtunme_medyan': 1.291, 'en_yakin_tohum_km_medyan': 196.6, 'yuruyus_saat_medyan': 46.9, 'sinif': 'NOKTASIZ'}
  kume {'km2': 19448, 'merkez_lat': -12.05, 'merkez_lon': 21.83, 'A_sahipleri': ['Kazombo', 'Zambezi (Balovale)', 'Sandoa'], 'surtunme_medyan': 1.018, 'en_yakin_tohum_km_medyan': 142.8, 'yuruyus_saat_medyan': 42.6, 'sinif': 'NOKTASIZ'}
  kume {'km2': 16079, 'merkez_lat': -15.64, 'merkez_lon': 32.23, 'A_sahipleri': ['Tete', 'Zumbo', 'Çipata (Fort Jameson)'], 'surtunme_medyan': 1.236, 'en_yakin_tohum_km_medyan': 144.4, 'yuruyus_saat_medyan': 43.1, 'sinif': 'NOKTASIZ'}
  kume {'km2': 15130, 'merkez_lat': -15.56, 'merkez_lon': 38.11, 'A_sahipleri': ['Kuamba', 'Angoche', 'Montepuez'], 'surtunme_medyan': 1.175, 'en_yakin_tohum_km_medyan': 186.8, 'yuruyus_saat_medyan': 42.6, 'sinif': 'NOKTASIZ'}
  kume {'km2': 13360, 'merkez_lat': -11.45, 'merkez_lon': 33.48, 'A_sahipleri': ['Mbande (Ngonde)', 'Nkhotakota (Cumbe)', 'Mpika'], 'surtunme_medyan': 1.264, 'en_yakin_tohum_km_medyan': 161.7, 'yuruyus_saat_medyan': 43.3, 'sinif': 'NOKTASIZ'}
  kume {'km2': 10131, 'merkez_lat': -28.18, 'merkez_lon': 16.63, 'A_sahipleri': ['Bethanie', 'Springbok', 'Lüderitz'], 'surtunme_medyan': 1.373, 'en_yakin_tohum_km_medyan': 171.9, 'yuruyus_saat_medyan': 45.1, 'sinif': 'NOKTASIZ'}
   {'ad': 'Zumbo', 'A_km2': 86720, 'B_km2': 52966, 'net_km2': -33754}
   {'ad': 'Binga', 'A_km2': 63094, 'B_km2': 38703, 'net_km2': -24391}
   {'ad': 'Kazombo', 'A_km2': 65961, 'B_km2': 43594, 'net_km2': -22367}
   {'ad': 'Katima Mulilo', 'A_km2': 35835, 'B_km2': 17293, 'net_km2': -18542}
   {'ad': 'Zambezi (Balovale)', 'A_km2': 36154, 'B_km2': 22125, 'net_km2': -14029}
   {'ad': 'Maroantsetra', 'A_km2': 49905, 'B_km2': 36535, 'net_km2': -13370}
   {'ad': 'Kalabo', 'A_km2': 33383, 'B_km2': 45373, 'net_km2': 11990}
   {'ad': 'Tete', 'A_km2': 60292, 'B_km2': 49927, 'net_km2': -10365}
  Osmanlı doğrudan 1520-06-15 {'A_km2': 0, 'B_km2': 0, 'fark_km2': 0, 'fark_yuzde': None}
  Osmanlı doğrudan 1683-06-15 {'A_km2': 0, 'B_km2': 0, 'fark_km2': 0, 'fark_yuzde': None}
  Osmanlı doğrudan 1800-06-15 {'A_km2': 0, 'B_km2': 0, 'fark_km2': 0, 'fark_yuzde': None}
YAZILDI C:\Users\emrem\OneDrive\Desktop\TARİH COĞRAFYA SİTESİ\denetim\ARAC-MOTOR-YURUYUS-ONGORU-0917-16.json · k03 · toplam 70 sn

--- stderr ---
