öncelik: BELOW_NORMAL
BOLGE [-63.0, 37.0, 3.0, 85.0] · iç (-60.0, 40.0, 0.0, 85.0) · k22
  eğim DEM: etopo2022_30s_dunya.tif · 43200x17280 · son şeritte 8192 geçerli hücre
[    0.2 sn] Kara maskesi (Natural Earth 10m, tolerans 0.002)
  tamam
[    5.9 sn] Göller
  goller.js: 1 tarihî göl düzeltmesi (Aral Gölü)
  4 büyük göl kara maskesinden çıkarıldı
  0 MODERN BARAJ GÖLÜ çıkarılmadı (anakronik delik açıyordu):
[    7.3 sn] Nehir yatakları
  7 nehir parçası — 6 adlı akarsu: Drau, Ebro, Loire, Seine, Tajo, Tejo
  bedel sınıfı: sınıf-1 1 parça · sınıf-2 6 parça
  geçit: 63 kayıt · data/gecitler.js sha256 86104fbf32de
[    7.8 sn] Yerleşimler
  UYARI alan: 'dogrulanmadi' BILINEN_ALANLAR'da yok — 1 kayıtta (yerlesimler_ek29.js:Deyrülkamer (Dayr al-Kamer)). Yazım hatası mı, yeni şema alanı mı? girdi.py'ye kaydet.
  3855 yerleşim
[    8.8 sn] Petekler üretiliyor (Voronoi)
  3855 petek (0 yedek eşleşme)
     Voronoi komşuluğu kuruldu · ortalama komşu 0.2
     tavan (km): k0=200 · k1=200 · k2=200 · k3=200 · k4=200
     ALAN KORUYAN anizotropi: 23 peteğe şekil verildi · 3832 daire AYNEN korundu · 0 çözülemedi
     şekil oranı sınırı ×1.75 · 16 sektör · 128 köşe · 24 ikiye bölme adımı
     alan koruma sapması: medyan %0.0000 · azamî %0.0001 ✓
     ⚠️ tavan BURADA UYGULANMAZ — kıyı kesiminde uygulanır (bkz. §KIYI)
[   56.4 sn] Kara-kısıtlı sahiplik: ızgara 0.05° kuruluyor
  ızgara 1320×960 = 1,267,200 hücre, kara 337,467
  141 tohum yerleşti (18 tanesi en yakın kara hücresine kaydırıldı)
  🔒 PENCERE DIŞI, ızgaraya ALINMADI: 3714 tohum (kıstırma YOK — Voronoi kalır)
       Aotearoa Māori Yerleşimi (Kuzey Adası    176.20, -38.10   kenara 21,014 km olurdu
       Wellington                               174.78, -41.29   kenara 21,002 km olurdu
       Christchurch                             172.64, -43.53   kenara 20,876 km olurdu
       Auckland                                 174.76, -36.85   kenara 20,813 km olurdu
       Te Waipounamu Māori Yerleşimi (Güney A   170.50, -44.00   kenara 20,681 km olurdu
       Levuka                                   178.83, -17.68   kenara 20,234 km olurdu
       Bau (Fiji Konfederasyonları)             178.57, -18.01   kenara 20,225 km olurdu
       Suva                                     178.44, -18.14   kenara 20,221 km olurdu
       Noumea (Yeni Kaledonya)                  166.44, -22.27   kenara 19,212 km olurdu
       Yeni Kaledonya iç kesimi                 164.50, -20.50   kenara 18,909 km olurdu
       Hobart                                   147.33, -42.88   kenara 18,345 km olurdu
       Sydney                                   151.21, -33.87   kenara 18,282 km olurdu
       … ve 3702 tohum daha
[   57.0 sn] Kara-kısıtlı sahiplik: eğim yüzeyi (DEM)
  ⚠️ DEM ızgaradan KISA: üst uç 84.00° < istenen 85.00° — 20 satır (kuzey kuşağı) deniz seviyesiyle dolduruldu. GERİLME YOK (kırpıldı).
  eğim çarpanı 0.005 · kara hücresinde eğim medyanı 24 m/hücre → sürtünme medyanı 1.121
  en pahalı hücre: sürtünme 9.13 (eğim 1,626 m/hücre)
[   57.9 sn] Kara-kısıtlı sahiplik: nehir geçiş bedeli (kenar)
  özne idare · nehir hücresi 607 · nehri KESEN adım 3,250 / 15,006 aday
  sınıf-1 196 · sınıf-2 3,054 · geçit indirimli 224 (köprü, bedelsiz 224) · geçit kaydı 63
  bedelli adım 3,026 · tablo {'gecitsiz': {1: 16.0, 2: 4.0}, 'kopru': 0.0, 'feribot': 8.0, 'kale-cifti': 8.0, 'sig-gecit': 4.0}
[   58.2 sn] Kara-kısıtlı sahiplik: Dijkstra (kara ızgarası)
[   58.2 sn] Dijkstra (eğim + nehir, üretim)
  4.8 sn · erişilen 334,740 · bütçe içi 79,612
[   63.3 sn] A: Voronoi sahibi + A1 tavanı (ızgarada)
  A sahipli 99,460 kara hücresi
  ızgaranın erişmediği kara hücresi 2,727 (B'de eski kurala kaldı)
ALAN: {'kara_ic_km2': 3024677, 'A_sahipli_km2': 1137786, 'B_sahipli_km2': 949072, 'sahibi_degisen_km2': 120539, 'yeni_sahipsiz_km2': 193896, 'yeni_sahipli_km2': 5182, 'A_sahipsiz_km2': 1886891, 'B_sahipsiz_km2': 2075605}
B'de ızgara hücresi olmayan tohum (iç kutu): 0
  kume {'km2': 35551, 'merkez_lat': 66.1, 'merkez_lon': -50.95, 'A_sahipleri': ['Sisimiut (Holsteinsborg)']}
  kume {'km2': 32689, 'merkez_lat': 69.32, 'merkez_lon': -50.44, 'A_sahipleri': ['Qeqertarsuaq (Godhavn)']}
  kume {'km2': 31637, 'merkez_lat': 76.9, 'merkez_lon': -23.55, 'A_sahipleri': ['Kuzeydoğu Grönland']}
  kume {'km2': 22817, 'merkez_lat': 64.55, 'merkez_lon': -16.41, 'A_sahipleri': ['Akureyri']}
  kume {'km2': 13102, 'merkez_lat': 50.72, 'merkez_lon': -56.65, 'A_sahipleri': ['Blanc-Sablon', 'Kızıl Kızılderili Gölü (Beothuk)']}
  kume {'km2': 13031, 'merkez_lat': 69.88, 'merkez_lon': -25.08, 'A_sahipleri': ['Doğu Grönland']}
  kume {'km2': 8963, 'merkez_lat': 70.85, 'merkez_lon': -26.7, 'A_sahipleri': ['Doğu Grönland']}
  kume {'km2': 6875, 'merkez_lat': 71.63, 'merkez_lon': -24.16, 'A_sahipleri': ['Doğu Grönland']}
  kume {'km2': 6586, 'merkez_lat': 65.62, 'merkez_lon': -22.72, 'A_sahipleri': ['Reykjavík']}
  kume {'km2': 3762, 'merkez_lat': 51.01, 'merkez_lon': -59.45, 'A_sahipleri': ['Blanc-Sablon', 'Natashquan']}
   {'ad': 'Qeqertarsuaq (Godhavn)', 'A_km2': 42365, 'B_km2': 8310, 'net_km2': -34055}
   {'ad': 'Sisimiut (Holsteinsborg)', 'A_km2': 45645, 'B_km2': 12771, 'net_km2': -32873}
   {'ad': 'Kuzeydoğu Grönland', 'A_km2': 44640, 'B_km2': 11987, 'net_km2': -32653}
   {'ad': 'Doğu Grönland', 'A_km2': 38179, 'B_km2': 9115, 'net_km2': -29064}
   {'ad': 'Akureyri', 'A_km2': 62461, 'B_km2': 38180, 'net_km2': -24281}
   {'ad': 'Blanc-Sablon', 'A_km2': 41966, 'B_km2': 27505, 'net_km2': -14461}
   {'ad': 'Plaisance (Placentia)', 'A_km2': 24724, 'B_km2': 16925, 'net_km2': -7800}
   {'ad': 'Bragança', 'A_km2': 26214, 'B_km2': 19141, 'net_km2': -7073}
  Osmanlı doğrudan 1520-06-15 {'A_km2': 0, 'B_km2': 0, 'fark_km2': 0, 'fark_yuzde': None}
  Osmanlı doğrudan 1683-06-15 {'A_km2': 0, 'B_km2': 0, 'fark_km2': 0, 'fark_yuzde': None}
  Osmanlı doğrudan 1800-06-15 {'A_km2': 0, 'B_km2': 0, 'fark_km2': 0, 'fark_yuzde': None}
YAZILDI C:\Users\emrem\OneDrive\Desktop\TARİH COĞRAFYA SİTESİ\denetim\ARAC-MOTOR-YURUYUS-ONGORU-0917.json · k22 · toplam 64 sn

--- stderr ---
