öncelik: BELOW_NORMAL
BOLGE [57.0, -60.0, 123.0, -7.0] · iç (60.0, -60.0, 120.0, -10.0) · k04
  eğim DEM: etopo2022_30s_dunya.tif · 43200x17280 · son şeritte 8192 geçerli hücre
[    0.8 sn] Kara maskesi (Natural Earth 10m, tolerans 0.002)
  tamam
[    9.0 sn] Göller
  goller.js: 1 tarihî göl düzeltmesi (Aral Gölü)
  9 büyük göl kara maskesinden çıkarıldı
  0 MODERN BARAJ GÖLÜ çıkarılmadı (anakronik delik açıyordu):
[   10.9 sn] Nehir yatakları
  0 nehir parçası — 0 adlı akarsu: 
  bedel sınıfı: sınıf-1 0 parça · sınıf-2 0 parça
  geçit: 63 kayıt · data/gecitler.js sha256 86104fbf32de
[   11.9 sn] Yerleşimler
  UYARI alan: 'dogrulanmadi' BILINEN_ALANLAR'da yok — 1 kayıtta (yerlesimler_ek29.js:Deyrülkamer (Dayr al-Kamer)). Yazım hatası mı, yeni şema alanı mı? girdi.py'ye kaydet.
  3855 yerleşim
[   13.3 sn] Petekler üretiliyor (Voronoi)
  3855 petek (0 yedek eşleşme)
     Voronoi komşuluğu kuruldu · ortalama komşu 0.1
     tavan (km): k0=200 · k1=200 · k2=200 · k3=200 · k4=200
     ALAN KORUYAN anizotropi: 27 peteğe şekil verildi · 3828 daire AYNEN korundu · 0 çözülemedi
     şekil oranı sınırı ×1.75 · 16 sektör · 128 köşe · 24 ikiye bölme adımı
     alan koruma sapması: medyan %0.0000 · azamî %0.0001 ✓
     ⚠️ tavan BURADA UYGULANMAZ — kıyı kesiminde uygulanır (bkz. §KIYI)
[  108.1 sn] Kara-kısıtlı sahiplik: ızgara 0.05° kuruluyor
  ızgara 1320×1060 = 1,399,200 hücre, kara 53,680
  42 tohum yerleşti (4 tanesi en yakın kara hücresine kaydırıldı)
  🔒 PENCERE DIŞI, ızgaraya ALINMADI: 3813 tohum (kıstırma YOK — Voronoi kalır)
       Lapaha (Muʻa)                           -175.12, -21.18   kenara 24,094 km olurdu
       Honolulu                                -157.86,  21.31   kenara 23,940 km olurdu
       Unalaska (Iliuliuk)                     -166.53,  53.87   kenara 23,815 km olurdu
       Hawaii Adaları (Birleşme Öncesi — moku  -155.50,  19.60   kenara 23,698 km olurdu
       Hooper Bay (Naparyarmiut)               -166.10,  61.53   kenara 23,357 km olurdu
       Kiŋigin (Wales)                         -168.09,  65.61   kenara 23,297 km olurdu
       Nome                                    -165.41,  64.51   kenara 23,119 km olurdu
       Tikiġaq (Point Hope)                    -166.80,  68.35   kenara 23,011 km olurdu
       Bethel (Mumtrekhlagamute)               -161.76,  60.79   kenara 22,992 km olurdu
       Chignik (Alaska Yarımadası)             -158.40,  56.30   kenara 22,904 km olurdu
       Mihaylovskiy Redut (St. Michael)        -162.03,  63.49   kenara 22,868 km olurdu
       Aleksandrovski Redut (Nushagak)         -158.51,  58.89   kenara 22,785 km olurdu
       … ve 3801 tohum daha
[  109.0 sn] Kara-kısıtlı sahiplik: eğim yüzeyi (DEM)
  eğim çarpanı 0.005 · kara hücresinde eğim medyanı 17 m/hücre → sürtünme medyanı 1.085
  en pahalı hücre: sürtünme 7.91 (eğim 1,381 m/hücre)
  🔴 NEHİR GEÇİŞ BEDELİ KAPALI (MOTOR_NEHIR_KAPALI=None · sınıf listesi var) — nehir bedeli 0
[  111.8 sn] Kara-kısıtlı sahiplik: Dijkstra (kara ızgarası)
[  111.8 sn] Dijkstra (eğim + nehir, üretim)
  1.6 sn · erişilen 53,105 · bütçe içi 47,523
[  113.9 sn] A: Voronoi sahibi + A1 tavanı (ızgarada)
  A sahipli 52,312 kara hücresi
  ızgaranın erişmediği kara hücresi 575 (B'de eski kurala kaldı)
ALAN: {'kara_ic_km2': 845927, 'A_sahipli_km2': 820077, 'B_sahipli_km2': 771724, 'sahibi_degisen_km2': 17323, 'yeni_sahipsiz_km2': 55952, 'yeni_sahipli_km2': 7599, 'A_sahipsiz_km2': 25849, 'B_sahipsiz_km2': 74203}
B'de ızgara hücresi olmayan tohum (iç kutu): 0
  kume {'km2': 24945, 'merkez_lat': -22.73, 'merkez_lon': 118.14, 'A_sahipleri': ['Küçük Kum Çölü 2', 'Marble Bar', 'Roebourne']}
  kume {'km2': 11915, 'merkez_lat': -29.29, 'merkez_lon': 118.84, 'A_sahipleri': ['Southern Cross', 'Cue', 'Murchison-Gascoyne iç kesimi']}
  kume {'km2': 6387, 'merkez_lat': -34.1, 'merkez_lon': 115.47, 'A_sahipleri': ['Perth', 'Katanning']}
  kume {'km2': 4791, 'merkez_lat': -33.75, 'merkez_lon': 119.66, 'A_sahipleri': ['Katanning', 'Esperance']}
  kume {'km2': 2931, 'merkez_lat': -23.3, 'merkez_lon': 114.45, 'A_sahipleri': ['Carnarvon', 'Onslow', 'Pilbara iç kesimi']}
  kume {'km2': 1276, 'merkez_lat': -26.47, 'merkez_lon': 113.51, 'A_sahipleri': ['Carnarvon', 'Murchison-Gascoyne iç kesimi 2']}
  kume {'km2': 1143, 'merkez_lat': -25.87, 'merkez_lon': 113.59, 'A_sahipleri': ['Carnarvon']}
  kume {'km2': 885, 'merkez_lat': -32.88, 'merkez_lon': 119.67, 'A_sahipleri': ['Southern Cross']}
  kume {'km2': 804, 'merkez_lat': -22.02, 'merkez_lon': 114.02, 'A_sahipleri': ['Onslow']}
  kume {'km2': 319, 'merkez_lat': -30.97, 'merkez_lon': 117.41, 'A_sahipleri': ['Murchison-Gascoyne iç kesimi']}
   {'ad': 'Küçük Kum Çölü 2', 'A_km2': 60673, 'B_km2': 53156, 'net_km2': -7517}
   {'ad': 'Marble Bar', 'A_km2': 52247, 'B_km2': 44803, 'net_km2': -7445}
   {'ad': 'Roebourne', 'A_km2': 44418, 'B_km2': 38580, 'net_km2': -5838}
   {'ad': 'Southern Cross', 'A_km2': 74137, 'B_km2': 68944, 'net_km2': -5193}
   {'ad': 'Katanning', 'A_km2': 86070, 'B_km2': 81660, 'net_km2': -4410}
   {'ad': 'Carnarvon', 'A_km2': 40876, 'B_km2': 37656, 'net_km2': -3219}
   {'ad': 'Cue', 'A_km2': 56865, 'B_km2': 53954, 'net_km2': -2912}
   {'ad': 'Pilbara iç kesimi', 'A_km2': 56018, 'B_km2': 53262, 'net_km2': -2756}
  Osmanlı doğrudan 1520-06-15 {'A_km2': 0, 'B_km2': 0, 'fark_km2': 0, 'fark_yuzde': None}
  Osmanlı doğrudan 1683-06-15 {'A_km2': 0, 'B_km2': 0, 'fark_km2': 0, 'fark_yuzde': None}
  Osmanlı doğrudan 1800-06-15 {'A_km2': 0, 'B_km2': 0, 'fark_km2': 0, 'fark_yuzde': None}
YAZILDI C:\Users\emrem\OneDrive\Desktop\TARİH COĞRAFYA SİTESİ\denetim\ARAC-MOTOR-YURUYUS-ONGORU-0917.json · k04 · toplam 115 sn

--- stderr ---
