öncelik: BELOW_NORMAL
BOLGE [-63.0, -13.0, 3.0, 43.0] · iç (-60.0, -10.0, 0.0, 40.0) · k12
  eğim DEM: etopo2022_30s_dunya.tif · 43200x17280 · son şeritte 8192 geçerli hücre
[    0.5 sn] Kara maskesi (Natural Earth 10m, tolerans 0.002)
  tamam
[    5.6 sn] Göller
  goller.js: 1 tarihî göl düzeltmesi (Aral Gölü)
  3 büyük göl kara maskesinden çıkarıldı
  6 MODERN BARAJ GÖLÜ çıkarılmadı (anakronik delik açıyordu):
      Lac de Buyo (1980)
      Lac de Kossou (1973)
      Lake Volta (1965)
      Professor Doctor Ingenieur W. J. Van Blommestein Meer (1964)
      Represa de Sobradinho (1982)
      Represa de Tucuruí (1984)
[    6.9 sn] Nehir yatakları
  27 nehir parçası — 20 adlı akarsu: Amazonas, Araguaia, Bafing, Braco Menor, Culuene, Ebro, Juruena, Madeira, Mouhoun, Negro, Niger, Orinoco, São  Francisco, Sénégal, Tajo, Tapajós, Tejo, Tocantins, Volta, Xingu
  bedel sınıfı: sınıf-1 7 parça · sınıf-2 20 parça
  geçit: 63 kayıt · data/gecitler.js sha256 86104fbf32de
[    7.4 sn] Yerleşimler
  UYARI alan: 'dogrulanmadi' BILINEN_ALANLAR'da yok — 1 kayıtta (yerlesimler_ek29.js:Deyrülkamer (Dayr al-Kamer)). Yazım hatası mı, yeni şema alanı mı? girdi.py'ye kaydet.
  3855 yerleşim
[    8.4 sn] Petekler üretiliyor (Voronoi)
  3855 petek (0 yedek eşleşme)
     Voronoi komşuluğu kuruldu · ortalama komşu 0.4
     tavan (km): k0=200 · k1=200 · k2=200 · k3=200 · k4=200
     ALAN KORUYAN anizotropi: 93 peteğe şekil verildi · 3762 daire AYNEN korundu · 0 çözülemedi
     şekil oranı sınırı ×1.75 · 16 sektör · 128 köşe · 24 ikiye bölme adımı
     alan koruma sapması: medyan %0.0000 · azamî %0.0011 ✓
     ⚠️ tavan BURADA UYGULANMAZ — kıyı kesiminde uygulanır (bkz. §KIYI)
[   71.5 sn] Kara-kısıtlı sahiplik: ızgara 0.05° kuruluyor
  ızgara 1320×1120 = 1,478,400 hücre, kara 386,713
  231 tohum yerleşti (21 tanesi en yakın kara hücresine kaydırıldı)
  🔒 PENCERE DIŞI, ızgaraya ALINMADI: 3624 tohum (kıstırma YOK — Voronoi kalır)
       Levuka                                   178.83, -17.68   kenara 18,883 km olurdu
       Bau (Fiji Konfederasyonları)             178.57, -18.01   kenara 18,841 km olurdu
       Suva                                     178.44, -18.14   kenara 18,822 km olurdu
       Aotearoa Māori Yerleşimi (Kuzey Adası    176.20, -38.10   kenara 17,618 km olurdu
       Auckland                                 174.76, -36.85   kenara 17,542 km olurdu
       Noumea (Yeni Kaledonya)                  166.44, -22.27   kenara 17,370 km olurdu
       Wellington                               174.78, -41.29   kenara 17,305 km olurdu
       Tulagi                                   160.15,  -9.09   kenara 17,274 km olurdu
       Yeni Kaledonya iç kesimi                 164.50, -20.50   kenara 17,236 km olurdu
       Christchurch                             172.64, -43.53   kenara 16,976 km olurdu
       Gizo                                     156.84,  -8.10   kenara 16,954 km olurdu
       Te Waipounamu Māori Yerleşimi (Güney A   170.50, -44.00   kenara 16,746 km olurdu
       … ve 3612 tohum daha
[   72.3 sn] Kara-kısıtlı sahiplik: eğim yüzeyi (DEM)
  eğim çarpanı 0.005 · kara hücresinde eğim medyanı 14 m/hücre → sürtünme medyanı 1.069
  en pahalı hücre: sürtünme 9.17 (eğim 1,635 m/hücre)
[   74.7 sn] Kara-kısıtlı sahiplik: nehir geçiş bedeli (kenar)
  özne idare · nehir hücresi 3,530 · nehri KESEN adım 19,352 / 89,165 aday
  sınıf-1 6,856 · sınıf-2 12,496 · geçit indirimli 160 (köprü, bedelsiz 90) · geçit kaydı 63
  bedelli adım 19,262 · tablo {'gecitsiz': {1: 16.0, 2: 4.0}, 'kopru': 0.0, 'feribot': 8.0, 'kale-cifti': 8.0, 'sig-gecit': 4.0}
[   76.9 sn] Kara-kısıtlı sahiplik: Dijkstra (kara ızgarası)
[   76.9 sn] Dijkstra (eğim + nehir, üretim)
  7.2 sn · erişilen 385,663 · bütçe içi 231,898
[   84.4 sn] A: Voronoi sahibi + A1 tavanı (ızgarada)
  A sahipli 268,047 kara hücresi
  ızgaranın erişmediği kara hücresi 1,050 (B'de eski kurala kaldı)
ALAN: {'kara_ic_km2': 8332501, 'A_sahipli_km2': 5706603, 'B_sahipli_km2': 5096431, 'sahibi_degisen_km2': 261980, 'yeni_sahipsiz_km2': 782398, 'yeni_sahipli_km2': 172225, 'A_sahipsiz_km2': 2625898, 'B_sahipsiz_km2': 3236070}
B'de ızgara hücresi olmayan tohum (iç kutu): 1
  kume {'km2': 84147, 'merkez_lat': -1.12, 'merkez_lon': -55.77, 'A_sahipleri': ['Tupinambarana (Parintins)', 'Santarém (Tapajós)', 'Beyan K1.5 B54.5']}
  kume {'km2': 69837, 'merkez_lat': 15.35, 'merkez_lon': -5.93, 'A_sahipleri': ['Mopti', 'Segu (Ségou)', 'Valata (Oualata)']}
  kume {'km2': 52305, 'merkez_lat': 20.37, 'merkez_lon': -10.45, 'A_sahipleri': ['Râşid (Tagant)', 'Tişît (Tichitt)']}
  kume {'km2': 43061, 'merkez_lat': 12.17, 'merkez_lon': -12.45, 'A_sahipleri': ['Labe', 'Kita', 'Bissav (Bissau)']}
  kume {'km2': 40065, 'merkez_lat': -5.36, 'merkez_lon': -54.78, 'A_sahipleri': ['Itaituba', 'Beyan G4.5 B52.5']}
  kume {'km2': 38530, 'merkez_lat': -9.22, 'merkez_lon': -47.23, 'A_sahipleri': ['Beyan G7.5 B47.5']}
  kume {'km2': 36671, 'merkez_lat': -7.82, 'merkez_lon': -41.6, 'A_sahipleri': ['Oeiras (Piauí)']}
  kume {'km2': 34049, 'merkez_lat': -3.39, 'merkez_lon': -42.07, 'A_sahipleri': ['São Luís']}
  kume {'km2': 33588, 'merkez_lat': 20.69, 'merkez_lon': -3.47, 'A_sahipleri': ['Aravan']}
  kume {'km2': 25155, 'merkez_lat': 0.02, 'merkez_lon': -58.47, 'A_sahipleri': ['Beyan K1.5 B57.5', 'Beyan K1.5 B60.5']}
   {'ad': 'Oeiras (Piauí)', 'A_km2': 125544, 'B_km2': 90783, 'net_km2': -34761}
   {'ad': 'São Luís', 'A_km2': 79998, 'B_km2': 46054, 'net_km2': -33945}
   {'ad': 'Beyan G7.5 B50.5', 'A_km2': 120459, 'B_km2': 87965, 'net_km2': -32494}
   {'ad': 'Beyan G4.5 B52.5', 'A_km2': 120370, 'B_km2': 90946, 'net_km2': -29424}
   {'ad': 'Beyan G7.5 B56.5', 'A_km2': 123518, 'B_km2': 96510, 'net_km2': -27008}
   {'ad': 'Macapá', 'A_km2': 88314, 'B_km2': 63039, 'net_km2': -25275}
   {'ad': 'Tupinambarana (Parintins)', 'A_km2': 70444, 'B_km2': 45728, 'net_km2': -24716}
   {'ad': 'Beyan G7.5 B47.5', 'A_km2': 119776, 'B_km2': 95330, 'net_km2': -24446}
  Osmanlı doğrudan 1520-06-15 {'A_km2': 0, 'B_km2': 0, 'fark_km2': 0, 'fark_yuzde': None}
  Osmanlı doğrudan 1683-06-15 {'A_km2': 0, 'B_km2': 0, 'fark_km2': 0, 'fark_yuzde': None}
  Osmanlı doğrudan 1800-06-15 {'A_km2': 2468, 'B_km2': 2770, 'fark_km2': 302, 'fark_yuzde': 12.24}
YAZILDI C:\Users\emrem\OneDrive\Desktop\TARİH COĞRAFYA SİTESİ\denetim\ARAC-MOTOR-YURUYUS-ONGORU-0917.json · k12 · toplam 86 sn

--- stderr ---
