öncelik: BELOW_NORMAL
BOLGE [-123.0, 37.0, -57.0, 85.0] · iç (-120.0, 40.0, -60.0, 85.0) · k21
  eğim DEM: etopo2022_30s_dunya.tif · 43200x17280 · son şeritte 8192 geçerli hücre
[    0.5 sn] Kara maskesi (Natural Earth 10m, tolerans 0.002)
  tamam
[    5.9 sn] Göller
  goller.js: 1 tarihî göl düzeltmesi (Aral Gölü)
  286 büyük göl kara maskesinden çıkarıldı
  35 MODERN BARAJ GÖLÜ çıkarılmadı (anakronik delik açıyordu):
      American Falls Reservoir (1978)
      Cabonga Reservoir (1957)
      Cedar Lake (1965)
      Dozois Reservoir (1949)
      Dozois Reservoir (1949)
      Fort Peck Lake (1961)
      Kentucky Lake (1944)
      Kinbasket Lake (1973)
      Lac Low (1980)
      Lac Saint-Jean (1925)
      Lake Abitibi (1921)
      Lake Barkley (1963)
      Lake Chelan (1927)
      Lake Diefenbaker (1967)
      Lake Francis Case (1952)
      Lake Oahe (1961)
      Lake Powell (1966)
      Lake Péribonca (1943)
      Lake Sakakawea (1956)
      Lower Arrow Lake (1960)
      Ogoki Reservoir (1942)
      Réservoir Baskatong (1927)
      Réservoir Gouin (1918)
      Réservoir Manicouagan (1960)
      Réservoir Outardes Quatre (1969)
      Réservoir Pipmuacan (1963)
      Réservoir de Caniapiscau (1980)
      Réservoir de Caniapiscau (1980)
      Réservoir de La Grande 3 (1982)
      Sipiwesk Lac (1960)
      Smallwood Reservoir (1971)
      Southern Indian Lake (1976)
      Tobin Lake (1962)
      Upper Arrow Lake (1960)
      Williston Lake (1967)
[    9.4 sn] Nehir yatakları
  48 nehir parçası — 29 adlı akarsu: ?, Allegheny, Arkansas, Athabasca, Colorado, Columbia, Fraser, Holston, Klamath, La Grande, Mackenzie, Madison, Mississippi, Missouri, Nelson, Niagara, North Saskatchewan, Ohio, Peace, Rio Grande, Sacramento, Saskatchewan, Slave, Snake, Sprague, St. Clair, St. Lawrence, Tennessee, Thelon
  bedel sınıfı: sınıf-1 17 parça · sınıf-2 31 parça
  geçit: 63 kayıt · data/gecitler.js sha256 86104fbf32de
[   10.0 sn] Yerleşimler
  UYARI alan: 'dogrulanmadi' BILINEN_ALANLAR'da yok — 1 kayıtta (yerlesimler_ek29.js:Deyrülkamer (Dayr al-Kamer)). Yazım hatası mı, yeni şema alanı mı? girdi.py'ye kaydet.
  3855 yerleşim
[   11.1 sn] Petekler üretiliyor (Voronoi)
  3855 petek (0 yedek eşleşme)
     Voronoi komşuluğu kuruldu · ortalama komşu 0.4
     tavan (km): k0=200 · k1=200 · k2=200 · k3=200 · k4=200
     ALAN KORUYAN anizotropi: 178 peteğe şekil verildi · 3677 daire AYNEN korundu · 0 çözülemedi
     şekil oranı sınırı ×1.75 · 16 sektör · 128 köşe · 24 ikiye bölme adımı
     alan koruma sapması: medyan %0.0000 · azamî %0.0026 ✓
     ⚠️ tavan BURADA UYGULANMAZ — kıyı kesiminde uygulanır (bkz. §KIYI)
[   65.6 sn] Kara-kısıtlı sahiplik: ızgara 0.05° kuruluyor
  ızgara 1320×960 = 1,267,200 hücre, kara 781,348
  243 tohum yerleşti (32 tanesi en yakın kara hücresine kaydırıldı)
  🔒 PENCERE DIŞI, ızgaraya ALINMADI: 3612 tohum (kıstırma YOK — Voronoi kalır)
       Aotearoa Māori Yerleşimi (Kuzey Adası    176.20, -38.10   kenara 27,272 km olurdu
       Wellington                               174.78, -41.29   kenara 27,216 km olurdu
       Auckland                                 174.76, -36.85   kenara 27,078 km olurdu
       Christchurch                             172.64, -43.53   kenara 27,050 km olurdu
       Te Waipounamu Māori Yerleşimi (Güney A   170.50, -44.00   kenara 26,838 km olurdu
       Levuka                                   178.83, -17.68   kenara 26,587 km olurdu
       Bau (Fiji Konfederasyonları)             178.57, -18.01   kenara 26,579 km olurdu
       Suva                                     178.44, -18.14   kenara 26,574 km olurdu
       Noumea (Yeni Kaledonya)                  166.44, -22.27   kenara 25,535 km olurdu
       Yeni Kaledonya iç kesimi                 164.50, -20.50   kenara 25,228 km olurdu
       Sydney                                   151.21, -33.87   kenara 24,476 km olurdu
       Hobart                                   147.33, -42.88   kenara 24,394 km olurdu
       … ve 3600 tohum daha
[   66.6 sn] Kara-kısıtlı sahiplik: eğim yüzeyi (DEM)
  ⚠️ DEM ızgaradan KISA: üst uç 84.00° < istenen 85.00° — 20 satır (kuzey kuşağı) deniz seviyesiyle dolduruldu. GERİLME YOK (kırpıldı).
  eğim çarpanı 0.005 · kara hücresinde eğim medyanı 21 m/hücre → sürtünme medyanı 1.105
  en pahalı hücre: sürtünme 6.77 (eğim 1,154 m/hücre)
[   67.6 sn] Kara-kısıtlı sahiplik: nehir geçiş bedeli (kenar)
  özne idare · nehir hücresi 6,046 · nehri KESEN adım 30,176 / 139,802 aday
  sınıf-1 13,152 · sınıf-2 17,024 · geçit indirimli 0 (köprü, bedelsiz 0) · geçit kaydı 63
  bedelli adım 30,176 · tablo {'gecitsiz': {1: 16.0, 2: 4.0}, 'kopru': 0.0, 'feribot': 8.0, 'kale-cifti': 8.0, 'sig-gecit': 4.0}
[   70.7 sn] Kara-kısıtlı sahiplik: Dijkstra (kara ızgarası)
[   70.7 sn] Dijkstra (eğim + nehir, üretim)
  11.8 sn · erişilen 670,191 · bütçe içi 489,039
[   82.9 sn] A: Voronoi sahibi + A1 tavanı (ızgarada)
  A sahipli 585,945 kara hücresi
  ızgaranın erişmediği kara hücresi 111,157 (B'de eski kurala kaldı)
ALAN: {'kara_ic_km2': 10710365, 'A_sahipli_km2': 8969857, 'B_sahipli_km2': 7870322, 'sahibi_degisen_km2': 796795, 'yeni_sahipsiz_km2': 1292808, 'yeni_sahipli_km2': 193272, 'A_sahipsiz_km2': 1740508, 'B_sahipsiz_km2': 2840043}
B'de ızgara hücresi olmayan tohum (iç kutu): 0
  kume {'km2': 271059, 'merkez_lat': 48.57, 'merkez_lon': -115.58, 'A_sahipleri': ['Fort Colvile', 'Jasper House', 'Lapwai (Nez Perce)']}
  kume {'km2': 56800, 'merkez_lat': 67.51, 'merkez_lon': -94.82, 'A_sahipleri': ['Uqsuqtuuq (Gjoa Haven)', 'Kugaaruk (Pelly Bay)']}
  kume {'km2': 46586, 'merkez_lat': 41.28, 'merkez_lon': -115.9, 'A_sahipleri': ['Ruby Vadisi (Batı Şoşoni)', 'Kuzey Payut (Kara Kaya Çölü)', 'Boise (Fort Boise)']}
  kume {'km2': 43563, 'merkez_lat': 69.66, 'merkez_lon': -71.04, 'A_sahipleri': ['Kanngiqtugaapik (Clyde River)']}
  kume {'km2': 42805, 'merkez_lat': 41.36, 'merkez_lon': -79.56, 'A_sahipleri': ['Fort Duquesne (Pittsburgh)', 'Seneca (Ganondagan)', 'Detroit (Fort Pontchartrain du Détroit)']}
  kume {'km2': 42667, 'merkez_lat': 51.01, 'merkez_lon': -67.54, 'A_sahipleri': ['Sept-Îles', 'Mingan', 'Tadoussac']}
  kume {'km2': 38127, 'merkez_lat': 57.15, 'merkez_lon': -110.77, 'A_sahipleri': ['Fort Chipewyan', 'Fort Vermilion güneyi — Peace Point', 'Lac La Biche']}
  kume {'km2': 36500, 'merkez_lat': 69.64, 'merkez_lon': -113.28, 'A_sahipleri': ['Bernard Harbour (Bakır İnuit)', 'Minto Inlet (Kangiryuarmiut)']}
  kume {'km2': 30399, 'merkez_lat': 64.89, 'merkez_lon': -89.78, 'A_sahipleri': ['Wager Körfezi (Ukkusiksalik)', 'Igluligaarjuk (Chesterfield Inlet)', 'Naujaat (Repulse Bay)']}
  kume {'km2': 29170, 'merkez_lat': 58.67, 'merkez_lon': -117.57, 'A_sahipleri': ['Fort Vermilion', 'Fort Dunvegan']}
   {'ad': 'Uqsuqtuuq (Gjoa Haven)', 'A_km2': 63496, 'B_km2': 14286, 'net_km2': -49211}
   {'ad': 'Iglulik', 'A_km2': 44185, 'B_km2': 195, 'net_km2': -43990}
   {'ad': 'Kanngiqtugaapik (Clyde River)', 'A_km2': 50802, 'B_km2': 7096, 'net_km2': -43705}
   {'ad': 'Fort Colvile', 'A_km2': 55587, 'B_km2': 16568, 'net_km2': -39019}
   {'ad': 'Lapwai (Nez Perce)', 'A_km2': 75603, 'B_km2': 38802, 'net_km2': -36800}
   {'ad': 'Helena (Montana)', 'A_km2': 70497, 'B_km2': 33717, 'net_km2': -36780}
   {'ad': 'Jasper House', 'A_km2': 67851, 'B_km2': 35751, 'net_km2': -32100}
   {'ad': 'Fort Dunvegan', 'A_km2': 68482, 'B_km2': 43163, 'net_km2': -25319}
  Osmanlı doğrudan 1520-06-15 {'A_km2': 0, 'B_km2': 0, 'fark_km2': 0, 'fark_yuzde': None}
  Osmanlı doğrudan 1683-06-15 {'A_km2': 0, 'B_km2': 0, 'fark_km2': 0, 'fark_yuzde': None}
  Osmanlı doğrudan 1800-06-15 {'A_km2': 0, 'B_km2': 0, 'fark_km2': 0, 'fark_yuzde': None}
YAZILDI C:\Users\emrem\OneDrive\Desktop\TARİH COĞRAFYA SİTESİ\denetim\ARAC-MOTOR-YURUYUS-ONGORU-0917.json · k21 · toplam 85 sn

--- stderr ---
