öncelik: BELOW_NORMAL
BOLGE [117.0, 37.0, 180.0, 85.0] · iç (120.0, 40.0, 180.0, 85.0) · k25
  eğim DEM: etopo2022_30s_dunya.tif · 43200x17280 · son şeritte 8192 geçerli hücre
[    0.5 sn] Kara maskesi (Natural Earth 10m, tolerans 0.002)
  tamam
[    5.2 sn] Göller
  goller.js: 1 tarihî göl düzeltmesi (Aral Gölü)
  25 büyük göl kara maskesinden çıkarıldı
  1 MODERN BARAJ GÖLÜ çıkarılmadı (anakronik delik açıyordu):
      Zeya Reservoir (1978)
[    5.8 sn] Nehir yatakları
  14 nehir parçası — 13 adlı akarsu: Aldan, Amur, Argun’, Bykovskaya Protoka, Hailar, Heilong Jiang, Huang, Indigirka, Kolyma, Lena, Olenekskaya Protoka, Trofimovskaya Protoka, Tumatskaya Protoka
  bedel sınıfı: sınıf-1 9 parça · sınıf-2 5 parça
  geçit: 63 kayıt · data/gecitler.js sha256 86104fbf32de
[    6.4 sn] Yerleşimler
  UYARI alan: 'dogrulanmadi' BILINEN_ALANLAR'da yok — 1 kayıtta (yerlesimler_ek29.js:Deyrülkamer (Dayr al-Kamer)). Yazım hatası mı, yeni şema alanı mı? girdi.py'ye kaydet.
  3855 yerleşim
[    7.4 sn] Petekler üretiliyor (Voronoi)
  3855 petek (0 yedek eşleşme)
     Voronoi komşuluğu kuruldu · ortalama komşu 0.1
     tavan (km): k0=200 · k1=200 · k2=200 · k3=200 · k4=200
     ALAN KORUYAN anizotropi: 71 peteğe şekil verildi · 3784 daire AYNEN korundu · 0 çözülemedi
     şekil oranı sınırı ×1.75 · 16 sektör · 128 köşe · 24 ikiye bölme adımı
     alan koruma sapması: medyan %0.0000 · azamî %0.0003 ✓
     ⚠️ tavan BURADA UYGULANMAZ — kıyı kesiminde uygulanır (bkz. §KIYI)
[   62.0 sn] Kara-kısıtlı sahiplik: ızgara 0.05° kuruluyor
  ızgara 1260×960 = 1,209,600 hücre, kara 476,615
  82 tohum yerleşti (3 tanesi en yakın kara hücresine kaydırıldı)
  🔒 PENCERE DIŞI, ızgaraya ALINMADI: 3773 tohum (kıstırma YOK — Voronoi kalır)
       Lapaha (Muʻa)                           -175.12, -21.18   kenara 32,854 km olurdu
       Hawaii Adaları (Birleşme Öncesi — moku  -155.50,  19.60   kenara 26,779 km olurdu
       Honolulu                                -157.86,  21.31   kenara 26,778 km olurdu
       Rapa Nui (Paskalya Adası)               -109.35, -27.11   kenara 26,098 km olurdu
       Beyan G52.5 B74.5                        -74.50, -52.50   kenara 23,355 km olurdu
       Beyan G48.5 B75.5                        -75.50, -48.50   kenara 23,349 km olurdu
       Beyan G46.5 B74.5                        -74.50, -46.50   kenara 23,189 km olurdu
       Beyan G49.5 B72.5                        -72.50, -49.50   kenara 23,075 km olurdu
       Fuerte Bulnes                            -70.94, -53.62   kenara 23,029 km olurdu
       Punta Arenas                             -70.92, -53.16   kenara 23,016 km olurdu
       Castro (Chiloé)                          -73.76, -42.48   kenara 22,983 km olurdu
       Porvenir                                 -70.37, -53.30   kenara 22,964 km olurdu
       … ve 3761 tohum daha
[   62.8 sn] Kara-kısıtlı sahiplik: eğim yüzeyi (DEM)
  ⚠️ DEM ızgaradan KISA: üst uç 84.00° < istenen 85.00° — 20 satır (kuzey kuşağı) deniz seviyesiyle dolduruldu. GERİLME YOK (kırpıldı).
  eğim çarpanı 0.005 · kara hücresinde eğim medyanı 47 m/hücre → sürtünme medyanı 1.236
  en pahalı hücre: sürtünme 6.34 (eğim 1,068 m/hücre)
[   64.5 sn] Kara-kısıtlı sahiplik: nehir geçiş bedeli (kenar)
  özne idare · nehir hücresi 3,797 · nehri KESEN adım 20,860 / 93,895 aday
  sınıf-1 10,126 · sınıf-2 10,734 · geçit indirimli 0 (köprü, bedelsiz 0) · geçit kaydı 63
  bedelli adım 20,860 · tablo {'gecitsiz': {1: 16.0, 2: 4.0}, 'kopru': 0.0, 'feribot': 8.0, 'kale-cifti': 8.0, 'sig-gecit': 4.0}
[   67.9 sn] Kara-kısıtlı sahiplik: Dijkstra (kara ızgarası)
[   67.9 sn] Dijkstra (eğim + nehir, üretim)
  7.9 sn · erişilen 473,467 · bütçe içi 205,819
[   76.1 sn] A: Voronoi sahibi + A1 tavanı (ızgarada)
  A sahipli 273,897 kara hücresi
  ızgaranın erişmediği kara hücresi 3,148 (B'de eski kurala kaldı)
ALAN: {'kara_ic_km2': 6483556, 'A_sahipli_km2': 3729089, 'B_sahipli_km2': 2765608, 'sahibi_degisen_km2': 158002, 'yeni_sahipsiz_km2': 1192064, 'yeni_sahipli_km2': 228583, 'A_sahipsiz_km2': 2754467, 'B_sahipsiz_km2': 3717948}
B'de ızgara hücresi olmayan tohum (iç kutu): 0
  kume {'km2': 82191, 'merkez_lat': 55.0, 'merkez_lon': 125.76, 'A_sahipleri': ['Albazin', 'Zeya (Zeyskiy Sklad)']}
  kume {'km2': 61881, 'merkez_lat': 55.0, 'merkez_lon': 133.67, 'A_sahipleri': ['Udskoy ostrogu', 'Nelkan']}
  kume {'km2': 59141, 'merkez_lat': 48.65, 'merkez_lon': 134.8, 'A_sahipleri': ['Habarovka']}
  kume {'km2': 52238, 'merkez_lat': 66.5, 'merkez_lon': 125.1, 'A_sahipleri': ['Jigansk', 'Yakut toprakları (Orta Lena)']}
  kume {'km2': 45326, 'merkez_lat': 65.82, 'merkez_lon': 141.04, 'A_sahipleri': ['Podşiversk', 'Zaşiversk']}
  kume {'km2': 42623, 'merkez_lat': 66.7, 'merkez_lon': 164.13, 'A_sahipleri': ['Ostrovnoye (Anyuy panayırı)', 'Nijnekolımsk']}
  kume {'km2': 42027, 'merkez_lat': 66.29, 'merkez_lon': 132.68, 'A_sahipleri': ['Verhoyansk']}
  kume {'km2': 38775, 'merkez_lat': 60.55, 'merkez_lon': 128.62, 'A_sahipleri': ['Yakutsk']}
  kume {'km2': 38079, 'merkez_lat': 41.69, 'merkez_lon': 127.71, 'A_sahipleri': ['Hamhung', 'Kyongsong (Gyeongseong)', 'Ûicu (Uiju)']}
  kume {'km2': 37821, 'merkez_lat': 70.27, 'merkez_lon': 126.5, 'A_sahipleri': ['Bulun']}
   {'ad': 'Yakutsk', 'A_km2': 113692, 'B_km2': 55746, 'net_km2': -57946}
   {'ad': 'Habarovka', 'A_km2': 124382, 'B_km2': 67438, 'net_km2': -56944}
   {'ad': 'Albazin', 'A_km2': 102566, 'B_km2': 48463, 'net_km2': -54103}
   {'ad': 'Udskoy ostrogu', 'A_km2': 106343, 'B_km2': 54260, 'net_km2': -52083}
   {'ad': 'Verhoyansk', 'A_km2': 106820, 'B_km2': 67622, 'net_km2': -39197}
   {'ad': 'Zaşiversk', 'A_km2': 64587, 'B_km2': 26487, 'net_km2': -38100}
   {'ad': 'Bulun', 'A_km2': 87621, 'B_km2': 50892, 'net_km2': -36729}
   {'ad': 'Jigansk', 'A_km2': 87293, 'B_km2': 51803, 'net_km2': -35491}
  Osmanlı doğrudan 1520-06-15 {'A_km2': 0, 'B_km2': 0, 'fark_km2': 0, 'fark_yuzde': None}
  Osmanlı doğrudan 1683-06-15 {'A_km2': 0, 'B_km2': 0, 'fark_km2': 0, 'fark_yuzde': None}
  Osmanlı doğrudan 1800-06-15 {'A_km2': 0, 'B_km2': 0, 'fark_km2': 0, 'fark_yuzde': None}
YAZILDI C:\Users\emrem\OneDrive\Desktop\TARİH COĞRAFYA SİTESİ\denetim\ARAC-MOTOR-YURUYUS-ONGORU-0917.json · k25 · toplam 77 sn

--- stderr ---
