öncelik: BELOW_NORMAL
BOLGE [-63.0, -13.0, 3.0, 43.0] · iç (-60.0, -10.0, 0.0, 40.0) · k12
  eğim DEM: etopo2022_30s_dunya.tif · 43200x17280 · son şeritte 8192 geçerli hücre
[    0.5 sn] Kara maskesi (Natural Earth 10m, tolerans 0.002)
  tamam
[    5.0 sn] Göller
  goller.js: 1 tarihî göl düzeltmesi (Aral Gölü)
  3 büyük göl kara maskesinden çıkarıldı
  6 MODERN BARAJ GÖLÜ çıkarılmadı (anakronik delik açıyordu):
      Lac de Buyo (1980)
      Lac de Kossou (1973)
      Lake Volta (1965)
      Professor Doctor Ingenieur W. J. Van Blommestein Meer (1964)
      Represa de Sobradinho (1982)
      Represa de Tucuruí (1984)
[    5.5 sn] Nehir yatakları
  27 nehir parçası — 20 adlı akarsu: Amazonas, Araguaia, Bafing, Braco Menor, Culuene, Ebro, Juruena, Madeira, Mouhoun, Negro, Niger, Orinoco, São  Francisco, Sénégal, Tajo, Tapajós, Tejo, Tocantins, Volta, Xingu
  bedel sınıfı: sınıf-1 7 parça · sınıf-2 20 parça
  geçit: 63 kayıt · data/gecitler.js sha256 86104fbf32de
[    5.8 sn] Yerleşimler
  UYARI alan: 'dogrulanmadi' BILINEN_ALANLAR'da yok — 1 kayıtta (yerlesimler_ek29.js:Deyrülkamer (Dayr al-Kamer)). Yazım hatası mı, yeni şema alanı mı? girdi.py'ye kaydet.
  3855 yerleşim
[    6.6 sn] Petekler üretiliyor (Voronoi)
  3855 petek (0 yedek eşleşme)
     Voronoi komşuluğu kuruldu · ortalama komşu 0.4
     tavan (km): k0=200 · k1=200 · k2=200 · k3=200 · k4=200
     ALAN KORUYAN anizotropi: 93 peteğe şekil verildi · 3762 daire AYNEN korundu · 0 çözülemedi
     şekil oranı sınırı ×1.75 · 16 sektör · 128 köşe · 24 ikiye bölme adımı
     alan koruma sapması: medyan %0.0000 · azamî %0.0011 ✓
     ⚠️ tavan BURADA UYGULANMAZ — kıyı kesiminde uygulanır (bkz. §KIYI)
[   56.7 sn] Kara-kısıtlı sahiplik: ızgara 0.05° kuruluyor
  ızgara 1320×1120 = 1,478,400 hücre, kara 386,713
  231 tohum yerleşti (21 tanesi en yakın kara hücresine kaydırıldı)
  🔒 PENCERE DIŞI, ızgaraya ALINMADI: 3624 tohum (kıstırma YOK — Voronoi kalır)
       Levuka                                   178.83, -17.68   kenara 18,883 km olurdu
       Bau (Fiji Konfederasyonları)             178.57, -18.01   kenara 18,841 km olurdu
       Suva                                     178.44, -18.14   kenara 18,822 km olurdu
       Aotearoa Māori Yerleşimi (Kuzey Adası    176.20, -38.10   kenara 17,618 km olurdu
       Auckland                                 174.76, -36.85   kenara 17,542 km olurdu
       Noumea (Yeni Kaledonya)                  166.44, -22.27   kenara 17,370 km olurdu
       Wellington                               174.78, -41.29   kenara 17,305 km olurdu
       Tulagi                                   160.15,  -9.09   kenara 17,274 km olurdu
       Yeni Kaledonya iç kesimi                 164.50, -20.50   kenara 17,236 km olurdu
       Christchurch                             172.64, -43.53   kenara 16,976 km olurdu
       Gizo                                     156.84,  -8.10   kenara 16,954 km olurdu
       Te Waipounamu Māori Yerleşimi (Güney A   170.50, -44.00   kenara 16,746 km olurdu
       … ve 3612 tohum daha
[   57.4 sn] Kara-kısıtlı sahiplik: eğim yüzeyi (DEM)
  eğim çarpanı 0.005 · kara hücresinde eğim medyanı 14 m/hücre → sürtünme medyanı 1.069
  en pahalı hücre: sürtünme 9.17 (eğim 1,635 m/hücre)
[   59.8 sn] Kara-kısıtlı sahiplik: nehir geçiş bedeli (kenar)
  özne idare · nehir hücresi 3,530 · nehri KESEN adım 54,298 / 293,252 aday
  sınıf-1 19,164 · sınıf-2 35,134 · geçit indirimli 438 (köprü, bedelsiz 248) · geçit kaydı 63
  bedelli adım 54,050 · tablo {'gecitsiz': {1: 16.0, 2: 4.0}, 'kopru': 0.0, 'feribot': 8.0, 'kale-cifti': 8.0, 'sig-gecit': 4.0}
[   67.3 sn] Kara-kısıtlı sahiplik: Dijkstra (kara ızgarası)
[   67.3 sn] Dijkstra (eğim + nehir, üretim)
  20.0 sn · erişilen 385,663 · bütçe içi 239,738
[   87.6 sn] A: Voronoi sahibi + A1 tavanı (ızgarada)
  A sahipli 268,047 kara hücresi
  ızgaranın erişmediği kara hücresi 1,050 (B'de eski kurala kaldı)
ALAN: {'kara_ic_km2': 8332501, 'A_sahipli_km2': 5706603, 'B_sahipli_km2': 5265724, 'sahibi_degisen_km2': 260827, 'yeni_sahipsiz_km2': 646237, 'yeni_sahipli_km2': 205357, 'A_sahipsiz_km2': 2625898, 'B_sahipsiz_km2': 3066778}
B'de ızgara hücresi olmayan tohum (iç kutu): 1
  kume {'km2': 68073, 'merkez_lat': -1.19, 'merkez_lon': -56.05, 'A_sahipleri': ['Tupinambarana (Parintins)', 'Santarém (Tapajós)', 'Beyan K1.5 B54.5'], 'surtunme_medyan': 1.102, 'en_yakin_tohum_km_medyan': 188.5, 'yuruyus_saat_medyan': 45.0, 'sinif': 'NOKTASIZ'}
  kume {'km2': 58691, 'merkez_lat': 15.26, 'merkez_lon': -5.93, 'A_sahipleri': ['Mopti', 'Segu (Ségou)', 'Bamako'], 'surtunme_medyan': 1.022, 'en_yakin_tohum_km_medyan': 162.6, 'yuruyus_saat_medyan': 44.2, 'sinif': 'NOKTASIZ'}
  kume {'km2': 46975, 'merkez_lat': 20.42, 'merkez_lon': -10.47, 'A_sahipleri': ['Râşid (Tagant)', 'Tişît (Tichitt)'], 'surtunme_medyan': 1.014, 'en_yakin_tohum_km_medyan': 223.4, 'yuruyus_saat_medyan': 47.0, 'sinif': 'NOKTASIZ'}
  kume {'km2': 35100, 'merkez_lat': -9.27, 'merkez_lon': -47.22, 'A_sahipleri': ['Beyan G7.5 B47.5'], 'surtunme_medyan': 1.128, 'en_yakin_tohum_km_medyan': 223.4, 'yuruyus_saat_medyan': 49.2, 'sinif': 'NOKTASIZ'}
  kume {'km2': 33802, 'merkez_lat': -5.4, 'merkez_lon': -54.75, 'A_sahipleri': ['Itaituba', 'Beyan G4.5 B52.5'], 'surtunme_medyan': 1.097, 'en_yakin_tohum_km_medyan': 185.7, 'yuruyus_saat_medyan': 43.6, 'sinif': 'NOKTASIZ'}
  kume {'km2': 32905, 'merkez_lat': -3.39, 'merkez_lon': -42.04, 'A_sahipleri': ['São Luís'], 'surtunme_medyan': 1.068, 'en_yakin_tohum_km_medyan': 270.9, 'yuruyus_saat_medyan': 61.5, 'sinif': 'NOKTASIZ'}
  kume {'km2': 30896, 'merkez_lat': -7.91, 'merkez_lon': -41.56, 'A_sahipleri': ['Oeiras (Piauí)'], 'surtunme_medyan': 1.183, 'en_yakin_tohum_km_medyan': 198.3, 'yuruyus_saat_medyan': 45.0, 'sinif': 'NOKTASIZ'}
  kume {'km2': 29923, 'merkez_lat': 20.77, 'merkez_lon': -3.48, 'A_sahipleri': ['Aravan'], 'surtunme_medyan': 1.014, 'en_yakin_tohum_km_medyan': 229.1, 'yuruyus_saat_medyan': 47.0, 'sinif': 'NOKTASIZ'}
  kume {'km2': 20830, 'merkez_lat': -7.37, 'merkez_lon': -52.3, 'A_sahipleri': ['Beyan G7.5 B50.5'], 'surtunme_medyan': 1.183, 'en_yakin_tohum_km_medyan': 207.9, 'yuruyus_saat_medyan': 49.2, 'sinif': 'NOKTASIZ'}
  kume {'km2': 20695, 'merkez_lat': -0.07, 'merkez_lon': -58.46, 'A_sahipleri': ['Beyan K1.5 B57.5', 'Beyan K1.5 B60.5'], 'surtunme_medyan': 1.113, 'en_yakin_tohum_km_medyan': 202.8, 'yuruyus_saat_medyan': 45.1, 'sinif': 'NOKTASIZ'}
   {'ad': 'São Luís', 'A_km2': 79998, 'B_km2': 50228, 'net_km2': -29770}
   {'ad': 'Oeiras (Piauí)', 'A_km2': 125544, 'B_km2': 98622, 'net_km2': -26922}
   {'ad': 'Beyan G7.5 B50.5', 'A_km2': 120459, 'B_km2': 94998, 'net_km2': -25461}
   {'ad': 'Tupinambarana (Parintins)', 'A_km2': 70444, 'B_km2': 46811, 'net_km2': -23633}
   {'ad': 'Beyan G4.5 B52.5', 'A_km2': 120370, 'B_km2': 97709, 'net_km2': -22662}
   {'ad': 'Macapá', 'A_km2': 88314, 'B_km2': 66043, 'net_km2': -22271}
   {'ad': 'Mopti', 'A_km2': 44483, 'B_km2': 25141, 'net_km2': -19341}
   {'ad': 'Beyan G7.5 B56.5', 'A_km2': 123518, 'B_km2': 104740, 'net_km2': -18778}
  Osmanlı doğrudan 1520-06-15 {'A_km2': 0, 'B_km2': 0, 'fark_km2': 0, 'fark_yuzde': None}
  Osmanlı doğrudan 1683-06-15 {'A_km2': 0, 'B_km2': 0, 'fark_km2': 0, 'fark_yuzde': None}
  Osmanlı doğrudan 1800-06-15 {'A_km2': 2468, 'B_km2': 2871, 'fark_km2': 403, 'fark_yuzde': 16.33}
YAZILDI C:\Users\emrem\OneDrive\Desktop\TARİH COĞRAFYA SİTESİ\denetim\ARAC-MOTOR-YURUYUS-ONGORU-0917-16.json · k12 · toplam 89 sn

--- stderr ---
