12:50:18  BEKCI BASLADI · hedef donemler.js · damga 09-03 18:04:13
13:50:18  ⏳ kosu SURUYOR · 60 dk · devlet 90/550  geçen 10s 12dk 20sn  iş %66  tahminî kalan 5s 17dk 18sn
13:53:09  BEKCI BASLADI · hedef donemler.js · damga 09-03 18:04:13
14:53:09  ⏳ kosu SURUYOR · 60 dk · devlet 290/550  geçen 12s 30dk 39sn  iş %87  tahminî kalan 1s 52dk 55sn
15:53:09  ⏳ kosu SURUYOR · 120 dk · kırılma 150/540  geçen 19dk 11sn  iş %10  tahminî kalan 2s 44dk 03sn
16:53:09  ⏳ kosu SURUYOR · 180 dk · kırılma 450/540  geçen 1s 15dk 45sn  iş %87  tahminî kalan 11dk 40sn
16:57:49  🟢 KOSU 4 BITTI · 3.1 saat · donemler.js 33539328 bayt · son satir: ================================================================
21:27:26  BEKCI BASLADI · hedef donemler.js · damga 09-04 16:56:38
22:27:26  ⏳ kosu SURUYOR · 60 dk · ================================================================
23:27:26  ⏳ kosu SURUYOR · 120 dk · ================================================================
00:27:26  ⏳ kosu SURUYOR · 180 dk · ================================================================
01:27:26  ⏳ kosu SURUYOR · 240 dk · ================================================================
02:27:26  ⏳ kosu SURUYOR · 300 dk · ================================================================
02:43:03  BEKCI BASLADI · hedef donemler.js · damga 09-04 16:56:38 · izlenen PID 21540
03:27:27  ⏳ kosu SURUYOR · 360 dk · ================================================================
03:43:19  ⏳ kosu SURUYOR · 60 dk · PID 21540 canli · ================================================================
04:27:27  ⏳ kosu SURUYOR · 420 dk · ================================================================
04:43:35  ⏳ kosu SURUYOR · 120 dk · PID 21540 canli · ================================================================
05:43:51  ⏳ kosu SURUYOR · 180 dk · PID 21540 canli · ================================================================
06:44:08  ⏳ kosu SURUYOR · 241 dk · PID 21540 canli · ================================================================
07:44:24  ⏳ kosu SURUYOR · 301 dk · PID 21540 canli · ================================================================
08:44:41  ⏳ kosu SURUYOR · 361 dk · PID 21540 canli · ================================================================
09:44:56  ⏳ kosu SURUYOR · 421 dk · PID 21540 canli · ================================================================
10:45:13  ⏳ kosu SURUYOR · 482 dk · PID 21540 canli · ================================================================
11:45:27  ⏳ kosu SURUYOR · 542 dk · PID 21540 canli · ================================================================
12:45:43  ⏳ kosu SURUYOR · 602 dk · PID 21540 canli · ================================================================
13:46:02  ⏳ kosu SURUYOR · 662 dk · PID 21540 canli · ================================================================
14:46:18  ⏳ kosu SURUYOR · 723 dk · PID 21540 canli · ================================================================
15:46:34  ⏳ kosu SURUYOR · 783 dk · PID 21540 canli · ================================================================
16:46:51  ⏳ kosu SURUYOR · 843 dk · PID 21540 canli · ================================================================
17:47:09  ⏳ kosu SURUYOR · 904 dk · PID 21540 canli · ================================================================
19:19:45  ⏳ kosu SURUYOR · 996 dk · PID 21540 canli · ================================================================
20:20:03  ⏳ kosu SURUYOR · 1056 dk · PID 21540 canli · ================================================================
21:20:19  ⏳ kosu SURUYOR · 1117 dk · PID 21540 canli · ================================================================
22:20:36  ⏳ kosu SURUYOR · 1177 dk · PID 21540 canli · ================================================================
22:25:17  🟢 KOSU 4 BITTI · 19.7 saat · donemler.js 33539328 bayt · son satir: ================================================================
